/pydarts/sounds/Golf_intro.ogg
/pydarts/videos/intros/intro_morpion.mkv
/pydarts/videos/intros/intro_Killer.mkv
/pydarts/images/killer_santiag1.png
/pydarts/images/killer_skull1.png
/pydarts/images/pydarts_500x157.png
/pydarts/images/pydarts_ready_white.png
/pydarts/fonts/Casino.ttf
/pydarts/images/menu_classic.png
/pydarts/images/menu_fun.png
/pydarts/games/321_Zlip.py
/pydarts/games/Balltrap!.py
/pydarts/games/Baseball!.py
/pydarts/games/Batard.py
/pydarts/games/Bermuda_Triangle.py
/pydarts/games/Bob27.py
/pydarts/games/Bowling!.py
/pydarts/games/By_Fives.py
/pydarts/games/Castle!.py
/pydarts/games/Conquer!.py
/pydarts/games/Cricket.py
/pydarts/games/Fighters!.py
/pydarts/games/Football!.py
/pydarts/games/Golf!.py
/pydarts/games/High_Score.py
/pydarts/games/Ho_One.py
/pydarts/games/__init__.py
/pydarts/games/Kapital.py
/pydarts/games/Killer.py
/pydarts/games/Kinito.py
/pydarts/games/Low_Score.py
/pydarts/games/Morpion!.py
/pydarts/games/Practice.py
/pydarts/games/Punch-Out!.py
/pydarts/games/Pursuit!.py
/pydarts/games/Risk!.py
/pydarts/games/Robin_Drink!.py
/pydarts/games/Robin_Strip!.py
/pydarts/games/Round_the_clock.py
/pydarts/games/Sample_game.py
/pydarts/games/Scram_Cricket.py
/pydarts/games/Shanghai.py
/pydarts/games/Simon!.py
/pydarts/games/Slider.py
/pydarts/games/Snooker!.py
/pydarts/games/Tennis!.py
/pydarts/games/Tower!.py
/pydarts/games/Up_Down_Count_Up.py
/pydarts/images/logos_menu/Balltrap!.png
/pydarts/images/logos_menu/Conquer!.png
/pydarts/images/logos_menu/Castle!.png
/pydarts/images/logos_menu/Tennis!.png
/pydarts/images/logos_menu/Robin_Strip!.png
/pydarts/images/logos_menu/Bowling!.png
/pydarts/images/logos_menu/Golf!.png
/pydarts/images/logos_menu/Morpion!.png
/pydarts/images/logos_menu/Baseball!.png
/pydarts/images/logos_menu/Football!.png
/pydarts/images/logos_menu/Tower!.png
/pydarts/images/logos_menu/Simon!.png
/pydarts/images/logos_menu/Robin_Drink!.png
/pydarts/images/logos_menu/Pursuit!.png
/pydarts/images/logos_menu/Fighters!.png
/pydarts/images/logos_menu/Punch-Out!.png
/pydarts/images/logos_menu/Snooker!.png
/pydarts/images/logos_menu/Risk!.png
/pydarts/images/background.jpg
/pydarts/cscreen.py
/pydarts/backup/color
/pydarts/backup/IA64
/pydarts/backup/W32ALPHA
/pydarts/backup/W32MIPS
/pydarts/backup/W32PPC
/pydarts/backup/W32X86
/pydarts/backup/WIN40
/pydarts/backup/x64
